******************************************************************************
                  TI ARM Linker PC v16.9.6                     
******************************************************************************
>> Linked Sat Apr 14 15:03:17 2018

OUTPUT FILE NAME:   <Final_Project.out>
ENTRY POINT SYMBOL: "_c_int00"  address: 000033f5


MEMORY CONFIGURATION

         name            origin    length      used     unused   attr    fill
----------------------  --------  ---------  --------  --------  ----  --------
  FLASH                 00000000   00040000  000038a2  0003c75e  R  X
  SRAM                  20000000   00008000  00000ebc  00007144  RW X


SEGMENT ALLOCATION MAP

run origin  load origin   length   init length attrs members
----------  ----------- ---------- ----------- ----- -------
00000000    00000000    000038a8   000038a8    r-x
  00000000    00000000    0000026c   0000026c    r-- .intvecs
  0000026c    0000026c    000034d6   000034d6    r-x .text
  00003742    00003742    00000110   00000110    r-- .const
  00003858    00003858    00000050   00000050    r-- .cinit
20000000    20000000    00000ec0   00000000    rw-
  20000000    20000000    0000026c   00000000    rw- .vtable
  20000270    20000270    00000800   00000000    rw- .sysmem
  20000a70    20000a70    00000400   00000000    rw- .stack
  20000e70    20000e70    00000038   00000000    rw- .data
  20000ea8    20000ea8    00000018   00000000    rw- .bss


SECTION ALLOCATION MAP

 output                                  attributes/
section   page    origin      length       input sections
--------  ----  ----------  ----------   ----------------
.intvecs   0    00000000    0000026c     
                  00000000    0000026c     tm4c123gh6pm_startup_ccs.obj (.intvecs)

.text      0    0000026c    000034d6     
                  0000026c    0000113e     rtsv7M4_T_le_v4SPD16_eabi.lib : _printfi.obj (.text)
                  000013aa    00000002                                   : mpu_init.obj (.text)
                  000013ac    00000a84     open_interface.obj (.text)
                  00001e30    000003d0     rtsv7M4_T_le_v4SPD16_eabi.lib : memory.obj (.text)
                  00002200    000002cc     movement.obj (.text)
                  000024cc    0000021a     main.obj (.text)
                  000026e6    000001f4     rtsv7M4_T_le_v4SPD16_eabi.lib : ull_div_t2.obj (.text)
                  000028da    000001b6                                   : fd_add_t2.obj (.text)
                  00002a90    00000158     timer.obj (.text)
                  00002be8    00000136     rtsv7M4_T_le_v4SPD16_eabi.lib : fd_div_t2.obj (.text)
                  00002d1e    00000002                                   : startup.obj (.text)
                  00002d20    0000011c     uart.obj (.text)
                  00002e3c    000000fc     rtsv7M4_T_le_v4SPD16_eabi.lib : fd_mul_t2.obj (.text)
                  00002f38    000000fc                                   : s_scalbn.obj (.text)
                  00003034    0000009c                                   : memcpy_t2.obj (.text)
                  000030d0    00000086                                   : fd_cmp_t2.obj (.text:__aeabi_cdcmple)
                  00003156    00000086                                   : fd_cmp_t2.obj (.text:__aeabi_cdrcmple)
                  000031dc    0000007a                                   : memset_t2.obj (.text)
                  00003256    00000002     --HOLE-- [fill = 0]
                  00003258    00000070                                   : autoinit.obj (.text)
                  000032c8    00000068                                   : copy_decompress_lzss.obj (.text:decompress:lzss)
                  00003330    00000064                                   : s_frexp.obj (.text)
                  00003394    00000060                                   : sprintf.obj (.text)
                  000033f4    00000054                                   : boot.obj (.text)
                  00003448    00000054                                   : exit.obj (.text)
                  0000349c    00000054                                   : ltoa.obj (.text)
                  000034f0    0000004c                                   : atoi.obj (.text)
                  0000353c    0000004c                                   : cpy_tbl.obj (.text)
                  00003588    00000048                                   : fd_toi_t2.obj (.text)
                  000035d0    00000034     driverlib.lib : interrupt.obj (.text:IntRegister)
                  00003604    0000002e     rtsv7M4_T_le_v4SPD16_eabi.lib : i_tofd_t2.obj (.text)
                  00003632    0000001c                                   : memccpy.obj (.text)
                  0000364e    00000018     open_interface.obj (.text:oi_parseInt)
                  00003666    00000002     --HOLE-- [fill = 0]
                  00003668    00000018     rtsv7M4_T_le_v4SPD16_eabi.lib : args_main.obj (.text)
                  00003680    00000018                                   : strcmp.obj (.text)
                  00003698    00000016                                   : strchr.obj (.text)
                  000036ae    00000002     --HOLE-- [fill = 0]
                  000036b0    00000014                                   : _lock.obj (.text)
                  000036c4    00000014                                   : s_copysign.obj (.text)
                  000036d8    00000014                                   : strlen.obj (.text)
                  000036ec    00000010     driverlib.lib : interrupt.obj (.text:IntMasterEnable)
                  000036fc    00000010     rtsv7M4_T_le_v4SPD16_eabi.lib : tolower.obj (.text)
                  0000370c    0000000e                                   : copy_decompress_none.obj (.text:decompress:none)
                  0000371a    0000000c     driverlib.lib : cpu.obj (.text:CPUcpsie)
                  00003726    0000000c     rtsv7M4_T_le_v4SPD16_eabi.lib : copy_zero_init.obj (.text:decompress:ZI)
                  00003732    0000000c     tm4c123gh6pm_startup_ccs.obj (.text)
                  0000373e    00000004     rtsv7M4_T_le_v4SPD16_eabi.lib : pre_init.obj (.text)

.const     0    00003742    00000110     
                  00003742    00000101     rtsv7M4_T_le_v4SPD16_eabi.lib : ctype.obj (.const:.string:_ctypes_)
                  00003843    0000000f     open_interface.obj (.const:.string:$P$T0$3)

.cinit     0    00003858    00000050     
                  00003858    0000001c     (.cinit..data.load) [load image, compression = lzss]
                  00003874    0000000c     (__TI_handler_table)
                  00003880    00000008     (.cinit..bss.load) [load image, compression = zero_init]
                  00003888    00000008     (.cinit..vtable.load) [load image, compression = zero_init]
                  00003890    00000018     (__TI_cinit_table)

.init_array 
*          0    00000000    00000000     UNINITIALIZED

.vtable    0    20000000    0000026c     UNINITIALIZED
                  20000000    0000026c     driverlib.lib : interrupt.obj (.vtable)

.sysmem    0    20000270    00000800     UNINITIALIZED
                  20000270    00000008     rtsv7M4_T_le_v4SPD16_eabi.lib : memory.obj (.sysmem)
                  20000278    000007f8     --HOLE--

.stack     0    20000a70    00000400     UNINITIALIZED
                  20000a70    00000400     --HOLE--

.data      0    20000e70    00000038     UNINITIALIZED
                  20000e70    00000010     open_interface.obj (.data)
                  20000e80    0000000c     rtsv7M4_T_le_v4SPD16_eabi.lib : exit.obj (.data:$O1$$)
                  20000e8c    0000000c                                   : memory.obj (.data:$O1$$)
                  20000e98    00000008                                   : _lock.obj (.data:$O1$$)
                  20000ea0    00000004                                   : errno.obj (.data)
                  20000ea4    00000004                                   : stkdepth_vars.obj (.data)

.bss       0    20000ea8    00000018     UNINITIALIZED
                  20000ea8    00000018     open_interface.obj (.bss:firmware$2)

MODULE SUMMARY

       Module                         code    ro data   rw data
       ------                         ----    -------   -------
    .\
       open_interface.obj             2716    15        40     
       movement.obj                   716     0         0      
       tm4c123gh6pm_startup_ccs.obj   12      620       0      
       main.obj                       538     0         0      
       timer.obj                      344     0         0      
       uart.obj                       284     0         0      
    +--+------------------------------+-------+---------+---------+
       Total:                         4610    635       40     
                                                               
    C:/ti/TivaWare_C_Series-2.1.2.111/driverlib/ccs/Debug/driverlib.lib
       interrupt.obj                  68      0         620    
       cpu.obj                        12      0         0      
    +--+------------------------------+-------+---------+---------+
       Total:                         80      0         620    
                                                               
    C:\ti\ccsv7\tools\compiler\ti-cgt-arm_16.9.6.LTS\lib\rtsv7M4_T_le_v4SPD16_eabi.lib
       _printfi.obj                   4414    0         0      
       memory.obj                     976     0         12     
       ull_div_t2.obj                 500     0         0      
       fd_add_t2.obj                  438     0         0      
       fd_div_t2.obj                  310     0         0      
       fd_cmp_t2.obj                  268     0         0      
       ctype.obj                      0       257       0      
       fd_mul_t2.obj                  252     0         0      
       s_scalbn.obj                   252     0         0      
       memcpy_t2.obj                  156     0         0      
       memset_t2.obj                  122     0         0      
       autoinit.obj                   112     0         0      
       copy_decompress_lzss.obj       104     0         0      
       s_frexp.obj                    100     0         0      
       exit.obj                       84      0         12     
       sprintf.obj                    96      0         0      
       boot.obj                       84      0         0      
       ltoa.obj                       84      0         0      
       atoi.obj                       76      0         0      
       cpy_tbl.obj                    76      0         0      
       fd_toi_t2.obj                  72      0         0      
       i_tofd_t2.obj                  46      0         0      
       _lock.obj                      20      0         8      
       memccpy.obj                    28      0         0      
       args_main.obj                  24      0         0      
       strcmp.obj                     24      0         0      
       strchr.obj                     22      0         0      
       s_copysign.obj                 20      0         0      
       strlen.obj                     20      0         0      
       tolower.obj                    16      0         0      
       copy_decompress_none.obj       14      0         0      
       copy_zero_init.obj             12      0         0      
       errno.obj                      0       0         4      
       pre_init.obj                   4       0         0      
       stkdepth_vars.obj              0       0         4      
       mpu_init.obj                   2       0         0      
       startup.obj                    2       0         0      
    +--+------------------------------+-------+---------+---------+
       Total:                         8830    257       40     
                                                               
       Heap:                          0       0         2048   
       Stack:                         0       0         1024   
       Linker Generated:              0       80        0      
    +--+------------------------------+-------+---------+---------+
       Grand Total:                   13520   972       3772   


LINKER GENERATED COPY TABLES

__TI_cinit_table @ 00003890 records: 3, size/record: 8, table size: 24
	.data: load addr=00003858, load size=0000001c bytes, run addr=20000e70, run size=00000038 bytes, compression=lzss
	.bss: load addr=00003880, load size=00000008 bytes, run addr=20000ea8, run size=00000018 bytes, compression=zero_init
	.vtable: load addr=00003888, load size=00000008 bytes, run addr=20000000, run size=0000026c bytes, compression=zero_init


LINKER GENERATED HANDLER TABLE

__TI_handler_table @ 00003874 records: 3, size/record: 4, table size: 12
	index: 0, handler: __TI_zero_init
	index: 1, handler: __TI_decompress_lzss
	index: 2, handler: __TI_decompress_none


GLOBAL SYMBOLS: SORTED ALPHABETICALLY BY Name 

address   name                           
-------   ----                           
00003449  C$$EXIT                        
0000371b  CPUcpsie                       
00001ca3  GPIOF_Handler                  
000036ed  IntMasterEnable                
000035d1  IntRegister                    
00003733  ResetISR                       
UNDEFED   SHT$$INIT_ARRAY$$Base          
UNDEFED   SHT$$INIT_ARRAY$$Limit         
00002de3  UART_Receive                   
00002d21  UART_init                      
20000e70  __STACK_END                    
00000400  __STACK_SIZE                   
20000c70  __STACK_TOP                    
00000800  __SYSMEM_SIZE                  
00003890  __TI_CINIT_Base                
000038a8  __TI_CINIT_Limit               
00003874  __TI_Handler_Table_Base        
00003880  __TI_Handler_Table_Limit       
00003259  __TI_auto_init                 
20000e80  __TI_cleanup_ptr               
000032c9  __TI_decompress_lzss           
0000370d  __TI_decompress_none           
20000e84  __TI_dtors_ptr                 
20000e88  __TI_enable_exit_profile_output
ffffffff  __TI_pprof_out_hndl            
00000ab1  __TI_printfi                   
ffffffff  __TI_prof_data_size            
ffffffff  __TI_prof_data_start           
00000000  __TI_static_base__             
00003727  __TI_zero_init                 
000030d1  __aeabi_cdcmpeq                
000030d1  __aeabi_cdcmple                
00003157  __aeabi_cdrcmple               
00003589  __aeabi_d2iz                   
000028e5  __aeabi_dadd                   
00002be9  __aeabi_ddiv                   
00002e3d  __aeabi_dmul                   
000028db  __aeabi_dsub                   
00003605  __aeabi_i2d                    
000031dd  __aeabi_memclr                 
000031dd  __aeabi_memclr4                
000031dd  __aeabi_memclr8                
00003035  __aeabi_memcpy                 
00003035  __aeabi_memcpy4                
00003035  __aeabi_memcpy8                
000031df  __aeabi_memset                 
000031df  __aeabi_memset4                
000031df  __aeabi_memset8                
000026e7  __aeabi_uldivmod               
ffffffff  __binit__                      
ffffffff  __c_args__                     
000013ab  __mpu_init                     
20000a70  __stack                        
00003669  _args_main                     
000033f5  _c_int00                       
00003742  _ctypes_                       
20000e98  _lock                          
000036bf  _nop                           
000036b7  _register_lock                 
000036b1  _register_unlock               
20000270  _sys_memory                    
00002d1f  _system_post_cinit             
0000373f  _system_pre_init               
20000e9c  _unlock                        
0000344d  abort                          
000034f1  atoi                           
0000237b  avoid_obstacle                 
ffffffff  binit                          
000021d1  calloc                         
0000353d  copy_in                        
000036c5  copysign                       
000036c5  copysignl                      
20000ea0  errno                          
00003455  exit                           
00001f1b  free                           
00003331  frexp                          
00003331  frexpl                         
20000000  g_pfnRAMVectors                
00000000  g_pfnVectors                   
00001cc5  getDegrees                     
00001a51  go_charge                      
00002f39  ldexp                          
00002f39  ldexpl                         
0000349d  ltoa                           
000024cd  main                           
20000ea4  main_func_sp                   
00001eb1  malloc                         
000020e5  memalign                       
00003633  memccpy                        
00003035  memcpy                         
000031e5  memset                         
00001e31  minit                          
000022a5  move_backward                  
00002201  move_forward                   
000023cd  notify_user                    
000013ad  oi_alloc                       
00001b7b  oi_checkFirmware               
00001403  oi_close                       
000013b9  oi_free                        
000013ed  oi_init                        
000013c9  oi_init_noupdate               
000019e7  oi_loadSong                    
0000364f  oi_parseInt                    
00001467  oi_parsePacket                 
00001a3d  oi_play_song                   
00001961  oi_setLeds                     
000019a5  oi_setWheels                   
00001c31  oi_shutoff_init                
00001a5f  oi_uartInit                    
00001b03  oi_uartReceive                 
00001b49  oi_uartSendBuff                
00001ae7  oi_uartSendChar                
00001b2b  oi_uartSendStr                 
00001415  oi_update                      
00001fdb  realloc                        
000025d9  receive_data                   
00002f39  scalbn                         
00002f39  scalbnl                        
0000261b  sensors_data                   
00003395  sprintf                        
00003699  strchr                         
00003681  strcmp                         
000036d9  strlen                         
00002619  sweep_data                     
00002ba1  timer_getClock                 
00002b55  timer_startClock               
00002aef  timer_startTimer               
00002ba7  timer_stopClock                
00002b3f  timer_stopTimer                
00002ac5  timer_waitMicros               
00002a91  timer_waitMillis               
000036fd  tolower                        
000022f5  turn_clockwise                 
0000233b  turn_counterclockwise          
00002da9  uart_sendChar                  
00002dc5  uart_sendStr                   


GLOBAL SYMBOLS: SORTED BY Symbol Address 

address   name                           
-------   ----                           
00000000  __TI_static_base__             
00000000  g_pfnVectors                   
00000400  __STACK_SIZE                   
00000800  __SYSMEM_SIZE                  
00000ab1  __TI_printfi                   
000013ab  __mpu_init                     
000013ad  oi_alloc                       
000013b9  oi_free                        
000013c9  oi_init_noupdate               
000013ed  oi_init                        
00001403  oi_close                       
00001415  oi_update                      
00001467  oi_parsePacket                 
00001961  oi_setLeds                     
000019a5  oi_setWheels                   
000019e7  oi_loadSong                    
00001a3d  oi_play_song                   
00001a51  go_charge                      
00001a5f  oi_uartInit                    
00001ae7  oi_uartSendChar                
00001b03  oi_uartReceive                 
00001b2b  oi_uartSendStr                 
00001b49  oi_uartSendBuff                
00001b7b  oi_checkFirmware               
00001c31  oi_shutoff_init                
00001ca3  GPIOF_Handler                  
00001cc5  getDegrees                     
00001e31  minit                          
00001eb1  malloc                         
00001f1b  free                           
00001fdb  realloc                        
000020e5  memalign                       
000021d1  calloc                         
00002201  move_forward                   
000022a5  move_backward                  
000022f5  turn_clockwise                 
0000233b  turn_counterclockwise          
0000237b  avoid_obstacle                 
000023cd  notify_user                    
000024cd  main                           
000025d9  receive_data                   
00002619  sweep_data                     
0000261b  sensors_data                   
000026e7  __aeabi_uldivmod               
000028db  __aeabi_dsub                   
000028e5  __aeabi_dadd                   
00002a91  timer_waitMillis               
00002ac5  timer_waitMicros               
00002aef  timer_startTimer               
00002b3f  timer_stopTimer                
00002b55  timer_startClock               
00002ba1  timer_getClock                 
00002ba7  timer_stopClock                
00002be9  __aeabi_ddiv                   
00002d1f  _system_post_cinit             
00002d21  UART_init                      
00002da9  uart_sendChar                  
00002dc5  uart_sendStr                   
00002de3  UART_Receive                   
00002e3d  __aeabi_dmul                   
00002f39  ldexp                          
00002f39  ldexpl                         
00002f39  scalbn                         
00002f39  scalbnl                        
00003035  __aeabi_memcpy                 
00003035  __aeabi_memcpy4                
00003035  __aeabi_memcpy8                
00003035  memcpy                         
000030d1  __aeabi_cdcmpeq                
000030d1  __aeabi_cdcmple                
00003157  __aeabi_cdrcmple               
000031dd  __aeabi_memclr                 
000031dd  __aeabi_memclr4                
000031dd  __aeabi_memclr8                
000031df  __aeabi_memset                 
000031df  __aeabi_memset4                
000031df  __aeabi_memset8                
000031e5  memset                         
00003259  __TI_auto_init                 
000032c9  __TI_decompress_lzss           
00003331  frexp                          
00003331  frexpl                         
00003395  sprintf                        
000033f5  _c_int00                       
00003449  C$$EXIT                        
0000344d  abort                          
00003455  exit                           
0000349d  ltoa                           
000034f1  atoi                           
0000353d  copy_in                        
00003589  __aeabi_d2iz                   
000035d1  IntRegister                    
00003605  __aeabi_i2d                    
00003633  memccpy                        
0000364f  oi_parseInt                    
00003669  _args_main                     
00003681  strcmp                         
00003699  strchr                         
000036b1  _register_unlock               
000036b7  _register_lock                 
000036bf  _nop                           
000036c5  copysign                       
000036c5  copysignl                      
000036d9  strlen                         
000036ed  IntMasterEnable                
000036fd  tolower                        
0000370d  __TI_decompress_none           
0000371b  CPUcpsie                       
00003727  __TI_zero_init                 
00003733  ResetISR                       
0000373f  _system_pre_init               
00003742  _ctypes_                       
00003874  __TI_Handler_Table_Base        
00003880  __TI_Handler_Table_Limit       
00003890  __TI_CINIT_Base                
000038a8  __TI_CINIT_Limit               
20000000  g_pfnRAMVectors                
20000270  _sys_memory                    
20000a70  __stack                        
20000c70  __STACK_TOP                    
20000e70  __STACK_END                    
20000e80  __TI_cleanup_ptr               
20000e84  __TI_dtors_ptr                 
20000e88  __TI_enable_exit_profile_output
20000e98  _lock                          
20000e9c  _unlock                        
20000ea0  errno                          
20000ea4  main_func_sp                   
ffffffff  __TI_pprof_out_hndl            
ffffffff  __TI_prof_data_size            
ffffffff  __TI_prof_data_start           
ffffffff  __binit__                      
ffffffff  __c_args__                     
ffffffff  binit                          
UNDEFED   SHT$$INIT_ARRAY$$Base          
UNDEFED   SHT$$INIT_ARRAY$$Limit         

[136 symbols]
