******************************************************************************
                  TI ARM Linker PC v16.9.6                     
******************************************************************************
>> Linked Sat Apr 07 11:53:07 2018

OUTPUT FILE NAME:   <Lab9.out>
ENTRY POINT SYMBOL: "_c_int00"  address: 00004ae1


MEMORY CONFIGURATION

         name            origin    length      used     unused   attr    fill
----------------------  --------  ---------  --------  --------  ----  --------
  FLASH                 00000000   00040000  000051ac  0003ae54  R  X
  SRAM                  20000000   00008000  000006f2  0000790e  RW X


SEGMENT ALLOCATION MAP

run origin  load origin   length   init length attrs members
----------  ----------- ---------- ----------- ----- -------
00000000    00000000    000051b0   000051b0    r-x
  00000000    00000000    0000026c   0000026c    r-- .intvecs
  0000026c    0000026c    00004c22   00004c22    r-x .text
  00004e90    00004e90    000002ce   000002ce    r-- .const
  00005160    00005160    00000050   00000050    r-- .cinit
20000000    20000000    000006f5   00000000    rw-
  20000000    20000000    0000026c   00000000    rw- .vtable
  2000026c    2000026c    00000400   00000000    rw- .stack
  2000066c    2000066c    00000061   00000000    rw- .bss
  200006d0    200006d0    00000025   00000000    rw- .data


SECTION ALLOCATION MAP

 output                                  attributes/
section   page    origin      length       input sections
--------  ----  ----------  ----------   ----------------
.intvecs   0    00000000    0000026c     
                  00000000    0000026c     tm4c123gh6pm_startup_ccs.obj (.intvecs)

.text      0    0000026c    00004c22     
                  0000026c    0000113e     rtsv7M4_T_le_v4SPD16_eabi.lib : _printfi.obj (.text)
                  000013aa    00000002                                   : mpu_init.obj (.text)
                  000013ac    000009ac                                   : e_pow.obj (.text)
                  00001d58    00000738                                   : k_rem_pio2.obj (.text)
                  00002490    000005c4                                   : s_sin.obj (.text)
                  00002a54    000003bc     main.obj (.text)
                  00002e10    000002ec     lcd.obj (.text)
                  000030fc    00000288     uart.obj (.text)
                  00003384    000001f4     rtsv7M4_T_le_v4SPD16_eabi.lib : ull_div_t2.obj (.text)
                  00003578    000001b6                                   : fd_add_t2.obj (.text)
                  0000372e    00000002                                   : startup.obj (.text)
                  00003730    00000180     ping.obj (.text)
                  000038b0    00000174     rtsv7M4_T_le_v4SPD16_eabi.lib : k_sin.obj (.text)
                  00003a24    00000170                                   : e_sqrt.obj (.text)
                  00003b94    0000016c                                   : k_cos.obj (.text)
                  00003d00    00000158     timer.obj (.text)
                  00003e58    00000150     adc.obj (.text)
                  00003fa8    00000136     rtsv7M4_T_le_v4SPD16_eabi.lib : fd_div_t2.obj (.text)
                  000040de    00000002     --HOLE-- [fill = 0]
                  000040e0    00000114     servo.obj (.text)
                  000041f4    000000fc     rtsv7M4_T_le_v4SPD16_eabi.lib : fd_mul_t2.obj (.text)
                  000042f0    000000fc                                   : s_scalbn.obj (.text)
                  000043ec    000000f8                                   : s_floor.obj (.text)
                  000044e4    000000f0     button.obj (.text)
                  000045d4    000000c4     WiFi.obj (.text)
                  00004698    0000009c     rtsv7M4_T_le_v4SPD16_eabi.lib : memcpy_t2.obj (.text)
                  00004734    00000088                                   : vsnprintf.obj (.text)
                  000047bc    00000086                                   : fd_cmp_t2.obj (.text:__aeabi_cdcmple)
                  00004842    00000086                                   : fd_cmp_t2.obj (.text:__aeabi_cdrcmple)
                  000048c8    0000007a                                   : memset_t2.obj (.text)
                  00004942    00000002     --HOLE-- [fill = 0]
                  00004944    00000070                                   : autoinit.obj (.text)
                  000049b4    00000068                                   : copy_decompress_lzss.obj (.text:decompress:lzss)
                  00004a1c    00000064                                   : s_frexp.obj (.text)
                  00004a80    00000060                                   : sprintf.obj (.text)
                  00004ae0    00000054                                   : boot.obj (.text)
                  00004b34    00000054                                   : exit.obj (.text)
                  00004b88    00000054                                   : ltoa.obj (.text)
                  00004bdc    0000004c                                   : atoi.obj (.text)
                  00004c28    0000004c                                   : cpy_tbl.obj (.text)
                  00004c74    00000048                                   : fd_toi_t2.obj (.text)
                  00004cbc    00000044                                   : fd_tou_t2.obj (.text)
                  00004d00    00000034     driverlib.lib : interrupt.obj (.text:IntRegister)
                  00004d34    0000002e     rtsv7M4_T_le_v4SPD16_eabi.lib : i_tofd_t2.obj (.text)
                  00004d62    00000020                                   : u_tofd_t2.obj (.text)
                  00004d82    0000001c                                   : memccpy.obj (.text)
                  00004d9e    00000002     --HOLE-- [fill = 0]
                  00004da0    00000018                                   : args_main.obj (.text)
                  00004db8    00000018                                   : strcmp.obj (.text)
                  00004dd0    00000016                                   : strchr.obj (.text)
                  00004de6    00000002     --HOLE-- [fill = 0]
                  00004de8    00000014                                   : _lock.obj (.text)
                  00004dfc    00000014                                   : s_copysign.obj (.text)
                  00004e10    00000014                                   : strcpy.obj (.text)
                  00004e24    00000014                                   : strlen.obj (.text)
                  00004e38    00000010     driverlib.lib : interrupt.obj (.text:IntMasterEnable)
                  00004e48    00000010     lcd.obj (.text:lcd_clear)
                  00004e58    0000000e     rtsv7M4_T_le_v4SPD16_eabi.lib : copy_decompress_none.obj (.text:decompress:none)
                  00004e66    0000000c     driverlib.lib : cpu.obj (.text:CPUcpsie)
                  00004e72    0000000c     rtsv7M4_T_le_v4SPD16_eabi.lib : copy_zero_init.obj (.text:decompress:ZI)
                  00004e7e    0000000c     tm4c123gh6pm_startup_ccs.obj (.text)
                  00004e8a    00000004     rtsv7M4_T_le_v4SPD16_eabi.lib : pre_init.obj (.text)

.const     0    00004e90    000002ce     
                  00004e90    00000158     rtsv7M4_T_le_v4SPD16_eabi.lib : k_rem_pio2.obj (.const:$O1$$)
                  00004fe8    00000101                                   : ctype.obj (.const:.string:_ctypes_)
                  000050e9    00000004     lcd.obj (.const:.string:lineAddress$1)
                  000050ed    00000003     --HOLE-- [fill = 0]
                  000050f0    00000030     rtsv7M4_T_le_v4SPD16_eabi.lib : e_pow.obj (.const:$O1$$)
                  00005120    00000030     main.obj (.const:.string:$P$T1$2)
                  00005150    0000000a     main.obj (.const:.string:$P$T0$1)
                  0000515a    00000004     lcd.obj (.const:.string:lineAddresses$2)

.cinit     0    00005160    00000050     
                  00005160    00000017     (.cinit..data.load) [load image, compression = lzss]
                  00005177    00000001     --HOLE-- [fill = 0]
                  00005178    0000000c     (__TI_handler_table)
                  00005184    00000004     --HOLE-- [fill = 0]
                  00005188    00000008     (.cinit..bss.load) [load image, compression = zero_init]
                  00005190    00000008     (.cinit..vtable.load) [load image, compression = zero_init]
                  00005198    00000018     (__TI_cinit_table)

.init_array 
*          0    00000000    00000000     UNINITIALIZED

.vtable    0    20000000    0000026c     UNINITIALIZED
                  20000000    0000026c     driverlib.lib : interrupt.obj (.vtable)

.stack     0    2000026c    00000400     UNINITIALIZED
                  2000026c    00000400     --HOLE--

.bss       0    2000066c    00000061     UNINITIALIZED
                  2000066c    00000054     lcd.obj (.bss:lastbuffer$3)
                  200006c0    00000004     (.common:falling)
                  200006c4    00000004     (.common:rising)
                  200006c8    00000004     (.common:state)
                  200006cc    00000001     (.common:_prevButton)

.data      0    200006d0    00000025     UNINITIALIZED
                  200006d0    0000000c     rtsv7M4_T_le_v4SPD16_eabi.lib : exit.obj (.data:$O1$$)
                  200006dc    00000008                                   : _lock.obj (.data:$O1$$)
                  200006e4    00000004                                   : errno.obj (.data)
                  200006e8    00000004                                   : stkdepth_vars.obj (.data)
                  200006ec    00000004     servo.obj (.data)
                  200006f0    00000004     uart.obj (.data)
                  200006f4    00000001     button.obj (.data)

MODULE SUMMARY

       Module                         code    ro data   rw data
       ------                         ----    -------   -------
    .\
       main.obj                       956     58        12     
       lcd.obj                        764     8         84     
       uart.obj                       648     0         4      
       tm4c123gh6pm_startup_ccs.obj   12      620       0      
       ping.obj                       384     0         0      
       timer.obj                      344     0         0      
       adc.obj                        336     0         0      
       servo.obj                      276     0         4      
       button.obj                     240     0         2      
       WiFi.obj                       196     0         0      
    +--+------------------------------+-------+---------+---------+
       Total:                         4156    686       106    
                                                               
    C:/ti/TivaWare_C_Series-2.1.2.111/driverlib/ccs/Debug/driverlib.lib
       interrupt.obj                  68      0         620    
       cpu.obj                        12      0         0      
    +--+------------------------------+-------+---------+---------+
       Total:                         80      0         620    
                                                               
    C:\ti\ccsv7\tools\compiler\ti-cgt-arm_16.9.6.LTS\lib\rtsv7M4_T_le_v4SPD16_eabi.lib
       _printfi.obj                   4414    0         0      
       e_pow.obj                      2476    48        0      
       k_rem_pio2.obj                 1848    344       0      
       s_sin.obj                      1476    0         0      
       ull_div_t2.obj                 500     0         0      
       fd_add_t2.obj                  438     0         0      
       k_sin.obj                      372     0         0      
       e_sqrt.obj                     368     0         0      
       k_cos.obj                      364     0         0      
       fd_div_t2.obj                  310     0         0      
       fd_cmp_t2.obj                  268     0         0      
       ctype.obj                      0       257       0      
       fd_mul_t2.obj                  252     0         0      
       s_scalbn.obj                   252     0         0      
       s_floor.obj                    248     0         0      
       memcpy_t2.obj                  156     0         0      
       vsnprintf.obj                  136     0         0      
       memset_t2.obj                  122     0         0      
       autoinit.obj                   112     0         0      
       copy_decompress_lzss.obj       104     0         0      
       s_frexp.obj                    100     0         0      
       exit.obj                       84      0         12     
       sprintf.obj                    96      0         0      
       boot.obj                       84      0         0      
       ltoa.obj                       84      0         0      
       atoi.obj                       76      0         0      
       cpy_tbl.obj                    76      0         0      
       fd_toi_t2.obj                  72      0         0      
       fd_tou_t2.obj                  68      0         0      
       i_tofd_t2.obj                  46      0         0      
       u_tofd_t2.obj                  32      0         0      
       _lock.obj                      20      0         8      
       memccpy.obj                    28      0         0      
       args_main.obj                  24      0         0      
       strcmp.obj                     24      0         0      
       strchr.obj                     22      0         0      
       s_copysign.obj                 20      0         0      
       strcpy.obj                     20      0         0      
       strlen.obj                     20      0         0      
       copy_decompress_none.obj       14      0         0      
       copy_zero_init.obj             12      0         0      
       errno.obj                      0       0         4      
       pre_init.obj                   4       0         0      
       stkdepth_vars.obj              0       0         4      
       mpu_init.obj                   2       0         0      
       startup.obj                    2       0         0      
    +--+------------------------------+-------+---------+---------+
       Total:                         15246   649       28     
                                                               
       Stack:                         0       0         1024   
       Linker Generated:              0       75        0      
    +--+------------------------------+-------+---------+---------+
       Grand Total:                   19482   1410      1778   


LINKER GENERATED COPY TABLES

__TI_cinit_table @ 00005198 records: 3, size/record: 8, table size: 24
	.data: load addr=00005160, load size=00000017 bytes, run addr=200006d0, run size=00000025 bytes, compression=lzss
	.bss: load addr=00005188, load size=00000008 bytes, run addr=2000066c, run size=00000061 bytes, compression=zero_init
	.vtable: load addr=00005190, load size=00000008 bytes, run addr=20000000, run size=0000026c bytes, compression=zero_init


LINKER GENERATED HANDLER TABLE

__TI_handler_table @ 00005178 records: 3, size/record: 4, table size: 12
	index: 0, handler: __TI_zero_init
	index: 1, handler: __TI_decompress_lzss
	index: 2, handler: __TI_decompress_none


GLOBAL SYMBOLS: SORTED ALPHABETICALLY BY Name 

address   name                           
-------   ----                           
00004b35  C$$EXIT                        
00004e67  CPUcpsie                       
00004e39  IntMasterEnable                
00004d01  IntRegister                    
00004e7f  ResetISR                       
UNDEFED   SHT$$INIT_ARRAY$$Base          
UNDEFED   SHT$$INIT_ARRAY$$Limit         
00003731  TIMER3B_Handler                
000031d1  UART_Receive                   
0000317f  UART_Transmit                  
000030fd  UART_init                      
000045d5  WiFi_start                     
00004623  WiFi_stop                      
2000066c  __STACK_END                    
00000400  __STACK_SIZE                   
2000046c  __STACK_TOP                    
00005198  __TI_CINIT_Base                
000051b0  __TI_CINIT_Limit               
00005178  __TI_Handler_Table_Base        
00005184  __TI_Handler_Table_Limit       
00004945  __TI_auto_init                 
200006d0  __TI_cleanup_ptr               
000049b5  __TI_decompress_lzss           
00004e59  __TI_decompress_none           
200006d4  __TI_dtors_ptr                 
200006d8  __TI_enable_exit_profile_output
ffffffff  __TI_pprof_out_hndl            
00000ab1  __TI_printfi                   
ffffffff  __TI_prof_data_size            
ffffffff  __TI_prof_data_start           
00000000  __TI_static_base__             
00004e73  __TI_zero_init                 
000047bd  __aeabi_cdcmpeq                
000047bd  __aeabi_cdcmple                
00004843  __aeabi_cdrcmple               
00004c75  __aeabi_d2iz                   
00004cbd  __aeabi_d2uiz                  
00003583  __aeabi_dadd                   
00003fa9  __aeabi_ddiv                   
000041f5  __aeabi_dmul                   
00003579  __aeabi_dsub                   
00004d35  __aeabi_i2d                    
000048c9  __aeabi_memclr                 
000048c9  __aeabi_memclr4                
000048c9  __aeabi_memclr8                
00004699  __aeabi_memcpy                 
00004699  __aeabi_memcpy4                
00004699  __aeabi_memcpy8                
000048cb  __aeabi_memset                 
000048cb  __aeabi_memset4                
000048cb  __aeabi_memset8                
00004d63  __aeabi_ui2d                   
00003385  __aeabi_uldivmod               
ffffffff  __binit__                      
ffffffff  __c_args__                     
00003b95  __kernel_cos                   
00001d59  __kernel_rem_pio2              
000038b1  __kernel_sin                   
000013ab  __mpu_init                     
2000026c  __stack                        
00004da1  _args_main                     
00004ae1  _c_int00                       
00004fe8  _ctypes_                       
200006dc  _lock                          
00004df7  _nop                           
200006cc  _prevButton                    
00004def  _register_lock                 
00004de9  _register_unlock               
00004631  _sendCommand                   
0000372f  _system_post_cinit             
00004e8b  _system_pre_init               
200006e0  _unlock                        
00004b39  abort                          
00003e59  adc_init                       
00003ecb  adc_read                       
00003f0f  angularWidth                   
00004bdd  atoi                           
ffffffff  binit                          
00004511  button_checkButtons            
0000451b  button_getButton               
00004567  button_getButtonBlocking       
0000457b  button_getButtonChange         
000045a5  button_getButtonChangeBlocking 
000044e5  button_init                    
00004c29  copy_in                        
00004dfd  copysign                       
00004dfd  copysignl                      
200006e4  errno                          
00004b41  exit                           
200006c0  falling                        
000043ed  floor                          
000043ed  floorl                         
00004a1d  frexp                          
00004a1d  frexpl                         
20000000  g_pfnRAMVectors                
00000000  g_pfnVectors                   
200006f0  lastButton                     
00004e49  lcd_clear                      
00002fa9  lcd_gotoLine                   
00002e11  lcd_init                       
0000300f  lcd_printf                     
00002ed1  lcd_putc                       
00002f09  lcd_puts                       
00002f27  lcd_sendCommand                
00002f65  lcd_sendNibble                 
00002fd1  lcd_setCursorPos               
000042f1  ldexp                          
000042f1  ldexpl                         
00004b89  ltoa                           
00002a55  main                           
200006e8  main_func_sp                   
00004d83  memccpy                        
00004699  memcpy                         
000048d1  memset                         
00004179  move_servo                     
000037e5  ping_init                      
00003819  ping_sendData                  
000013ad  pow                            
000013ad  powl                           
200006ec  pulse_period                   
200006c4  rising                         
000042f1  scalbn                         
000042f1  scalbnl                        
0000414f  servo_init                     
00002491  sin                            
00002491  sinl                           
00004a81  sprintf                        
00003a25  sqrt                           
00003a25  sqrtl                          
200006c8  state                          
00004dd1  strchr                         
00004db9  strcmp                         
00004e11  strcpy                         
00004e25  strlen                         
000040e1  timer1b_init                   
0000377d  timer3b_init                   
00003e11  timer_getClock                 
00003dc5  timer_startClock               
00003d5f  timer_startTimer               
00003e17  timer_stopClock                
00003daf  timer_stopTimer                
00003d35  timer_waitMicros               
00003d01  timer_waitMillis               
0000319b  transmitBuffer                 
00004735  vsnprintf                      


GLOBAL SYMBOLS: SORTED BY Symbol Address 

address   name                           
-------   ----                           
00000000  __TI_static_base__             
00000000  g_pfnVectors                   
00000400  __STACK_SIZE                   
00000ab1  __TI_printfi                   
000013ab  __mpu_init                     
000013ad  pow                            
000013ad  powl                           
00001d59  __kernel_rem_pio2              
00002491  sin                            
00002491  sinl                           
00002a55  main                           
00002e11  lcd_init                       
00002ed1  lcd_putc                       
00002f09  lcd_puts                       
00002f27  lcd_sendCommand                
00002f65  lcd_sendNibble                 
00002fa9  lcd_gotoLine                   
00002fd1  lcd_setCursorPos               
0000300f  lcd_printf                     
000030fd  UART_init                      
0000317f  UART_Transmit                  
0000319b  transmitBuffer                 
000031d1  UART_Receive                   
00003385  __aeabi_uldivmod               
00003579  __aeabi_dsub                   
00003583  __aeabi_dadd                   
0000372f  _system_post_cinit             
00003731  TIMER3B_Handler                
0000377d  timer3b_init                   
000037e5  ping_init                      
00003819  ping_sendData                  
000038b1  __kernel_sin                   
00003a25  sqrt                           
00003a25  sqrtl                          
00003b95  __kernel_cos                   
00003d01  timer_waitMillis               
00003d35  timer_waitMicros               
00003d5f  timer_startTimer               
00003daf  timer_stopTimer                
00003dc5  timer_startClock               
00003e11  timer_getClock                 
00003e17  timer_stopClock                
00003e59  adc_init                       
00003ecb  adc_read                       
00003f0f  angularWidth                   
00003fa9  __aeabi_ddiv                   
000040e1  timer1b_init                   
0000414f  servo_init                     
00004179  move_servo                     
000041f5  __aeabi_dmul                   
000042f1  ldexp                          
000042f1  ldexpl                         
000042f1  scalbn                         
000042f1  scalbnl                        
000043ed  floor                          
000043ed  floorl                         
000044e5  button_init                    
00004511  button_checkButtons            
0000451b  button_getButton               
00004567  button_getButtonBlocking       
0000457b  button_getButtonChange         
000045a5  button_getButtonChangeBlocking 
000045d5  WiFi_start                     
00004623  WiFi_stop                      
00004631  _sendCommand                   
00004699  __aeabi_memcpy                 
00004699  __aeabi_memcpy4                
00004699  __aeabi_memcpy8                
00004699  memcpy                         
00004735  vsnprintf                      
000047bd  __aeabi_cdcmpeq                
000047bd  __aeabi_cdcmple                
00004843  __aeabi_cdrcmple               
000048c9  __aeabi_memclr                 
000048c9  __aeabi_memclr4                
000048c9  __aeabi_memclr8                
000048cb  __aeabi_memset                 
000048cb  __aeabi_memset4                
000048cb  __aeabi_memset8                
000048d1  memset                         
00004945  __TI_auto_init                 
000049b5  __TI_decompress_lzss           
00004a1d  frexp                          
00004a1d  frexpl                         
00004a81  sprintf                        
00004ae1  _c_int00                       
00004b35  C$$EXIT                        
00004b39  abort                          
00004b41  exit                           
00004b89  ltoa                           
00004bdd  atoi                           
00004c29  copy_in                        
00004c75  __aeabi_d2iz                   
00004cbd  __aeabi_d2uiz                  
00004d01  IntRegister                    
00004d35  __aeabi_i2d                    
00004d63  __aeabi_ui2d                   
00004d83  memccpy                        
00004da1  _args_main                     
00004db9  strcmp                         
00004dd1  strchr                         
00004de9  _register_unlock               
00004def  _register_lock                 
00004df7  _nop                           
00004dfd  copysign                       
00004dfd  copysignl                      
00004e11  strcpy                         
00004e25  strlen                         
00004e39  IntMasterEnable                
00004e49  lcd_clear                      
00004e59  __TI_decompress_none           
00004e67  CPUcpsie                       
00004e73  __TI_zero_init                 
00004e7f  ResetISR                       
00004e8b  _system_pre_init               
00004fe8  _ctypes_                       
00005178  __TI_Handler_Table_Base        
00005184  __TI_Handler_Table_Limit       
00005198  __TI_CINIT_Base                
000051b0  __TI_CINIT_Limit               
20000000  g_pfnRAMVectors                
2000026c  __stack                        
2000046c  __STACK_TOP                    
2000066c  __STACK_END                    
200006c0  falling                        
200006c4  rising                         
200006c8  state                          
200006cc  _prevButton                    
200006d0  __TI_cleanup_ptr               
200006d4  __TI_dtors_ptr                 
200006d8  __TI_enable_exit_profile_output
200006dc  _lock                          
200006e0  _unlock                        
200006e4  errno                          
200006e8  main_func_sp                   
200006ec  pulse_period                   
200006f0  lastButton                     
ffffffff  __TI_pprof_out_hndl            
ffffffff  __TI_prof_data_size            
ffffffff  __TI_prof_data_start           
ffffffff  __binit__                      
ffffffff  __c_args__                     
ffffffff  binit                          
UNDEFED   SHT$$INIT_ARRAY$$Base          
UNDEFED   SHT$$INIT_ARRAY$$Limit         

[145 symbols]
